[kitpro.site/delivey/template-kit/index.html]
[backblue.gif]
[fade.gif]
[index.html]
[kitpro.site/delivey/wp-content/plugins/header-footer-elementor/inc/widgets-css/frontend4f2e.css]
[kitpro.site/delivey/template-kit/feed/index.html]
[kitpro.site/delivey/wp-content/plugins/jeg-elementor-kit/assets/css/elements/main6fca.css]
[kitpro.site/delivey/wp-content/plugins/template-kit-export/public/assets/css/template-kit-export-public.min365c.css]
[kitpro.site/delivey/wp-content/plugins/header-footer-elementor/assets/css/header-footer-elementor4f2e.css]
[kitpro.site/delivey/wp-content/plugins/elementor/assets/lib/eicons/css/elementor-icons.mind54b.css]
[kitpro.site/delivey/wp-content/plugins/elementor/assets/css/frontend-lite.min3cad.css]
[kitpro.site/delivey/wp-content/plugins/elementor/assets/lib/swiper/v8/css/swiper.min94a4.css]
[kitpro.site/delivey/wp-content/uploads/sites/70/elementor/css/post-691fb.css]
[kitpro.site/delivey/wp-content/uploads/sites/70/elementor/css/post-270299e.css]
[kitpro.site/delivey/wp-content/uploads/sites/70/elementor/css/post-293299e.css]
[kitpro.site/delivey/wp-content/plugins/metform/public/assets/css/text-editor3b71.css]
[kitpro.site/delivey/wp-content/themes/hello-elementor/style.min1102.css]
[kitpro.site/delivey/wp-content/themes/hello-elementor/theme.min1102.css]
[kitpro.site/delivey/wp-content/plugins/elementskit-lite/modules/elementskit-icon-pack/assets/css/ekiticons7c45.css]
[kitpro.site/delivey/wp-content/plugins/elementskit-lite/widgets/init/assets/css/responsive7c45.css]
[kitpro.site/delivey/wp-content/plugins/elementskit-lite/widgets/init/assets/css/widget-styles7c45.css]
[kitpro.site/delivey/wp-content/plugins/elementor/assets/lib/font-awesome/css/fontawesome.min52d5.css]
[kitpro.site/delivey/wp-content/plugins/elementor/assets/lib/font-awesome/css/solid.min52d5.css]
[kitpro.site/delivey/wp-content/plugins/elementor/assets/lib/font-awesome/css/regular.min52d5.css]
[kitpro.site/delivey/wp-content/plugins/elementor/assets/lib/font-awesome/css/brands.min52d5.css]
[kitpro.site/delivey/wp-includes/js/jquery/jquery.minf43b.js]
[kitpro.site/delivey/wp-includes/js/jquery/jquery-migrate.min5589.js]
[kitpro.site/delivey/wp-content/plugins/template-kit-export/public/assets/js/template-kit-export-public.min365c.js]
[kitpro.site/delivey/wp-content/uploads/sites/70/2022/02/logo2.png]
[kitpro.site/delivey/wp-content/uploads/sites/70/2022/03/preview-2-.jpg]
[kitpro.site/delivey/template-kit/home/index.html]
[kitpro.site/delivey/template-kit/service/index.html]
[kitpro.site/delivey/template-kit/about/index.html]
[kitpro.site/delivey/wp-content/uploads/sites/70/2023/03/home2.jpg]
[kitpro.site/delivey/template-kit/be-partner/index.html]
[kitpro.site/delivey/template-kit/faq/index.html]
[kitpro.site/delivey/template-kit/team/index.html]
[kitpro.site/delivey/wp-content/uploads/sites/70/2022/03/about.jpg]
[kitpro.site/delivey/template-kit/pricing/index.html]
[kitpro.site/delivey/template-kit/404/index.html]
[kitpro.site/delivey/wp-content/uploads/sites/70/2023/03/service2.jpg]
[kitpro.site/delivey/template-kit/blog-2/index.html]
[kitpro.site/delivey/template-kit/contact-us/index.html]
[kitpro.site/delivey/wp-content/uploads/sites/70/2022/03/team.jpg]
[kitpro.site/delivey/wp-content/uploads/sites/70/2022/03/contact-us.jpg]
[kitpro.site/delivey/wp-content/uploads/sites/70/2022/03/be-partnr.jpg]
[kitpro.site/delivey/wp-content/uploads/sites/70/2022/03/pricing.jpg]
[kitpro.site/delivey/wp-content/uploads/sites/70/2022/03/faq.jpg]
[kitpro.site/delivey/wp-content/uploads/sites/70/2022/03/blog.jpg]
[kitpro.site/delivey/wp-content/uploads/sites/70/2022/03/404.jpg]
[kitpro.site/delivey/wp-content/uploads/sites/70/2022/03/header.jpg]
[kitpro.site/delivey/wp-content/uploads/sites/70/2022/03/footer.jpg]
[kitpro.site/delivey/template-kit/header/index.html]
[kitpro.site/delivey/template-kit/footer/index.html]
[kitpro.site/delivey/wp-content/uploads/sites/70/2022/03/address-metform.png]
[kitpro.site/delivey/wp-content/uploads/sites/70/2022/03/contact-form.jpg]
[kitpro.site/delivey/template-kit/address-metform/index.html]
[kitpro.site/delivey/wp-content/uploads/sites/70/2022/03/newsletter-form.jpg]
[kitpro.site/delivey/template-kit/contact-metform/index.html]
[kitpro.site/delivey/template-kit/newsletter-metform/index.html]
[kitpro.site/delivey/wp-content/plugins/elementor/assets/lib/font-awesome/css/all.min3cad.css]
[kitpro.site/delivey/wp-content/plugins/elementor/assets/lib/font-awesome/css/v4-shims.min3cad.css]
[kitpro.site/delivey/wp-content/themes/hello-elementor/assets/js/hello-frontend.min8a54.js]
[kitpro.site/delivey/wp-content/plugins/elementskit-lite/libs/framework/assets/js/frontend-script7c45.js]
[kitpro.site/delivey/wp-content/plugins/elementskit-lite/widgets/init/assets/js/widget-scripts7c45.js]
[kitpro.site/delivey/wp-content/plugins/elementor/assets/js/webpack.runtime.min3cad.js]
[kitpro.site/delivey/wp-content/plugins/elementor/assets/js/frontend-modules.min3cad.js]
[kitpro.site/delivey/wp-content/plugins/elementor/assets/lib/waypoints/waypoints.min05da.js]
[kitpro.site/delivey/wp-content/plugins/elementor/assets/js/frontend.min3cad.js]
[kitpro.site/delivey/wp-includes/js/jquery/ui/core.min3f14.js]
[kitpro.site/delivey/wp-content/plugins/jeg-elementor-kit/assets/js/elements/sticky-element6fca.js]
[kitpro.site/delivey/wp-content/plugins/elementor/assets/lib/font-awesome/js/v4-shims.min3cad.js]
[kitpro.site/delivey/wp-content/plugins/header-footer-elementor/inc/js/frontend4f2e.js]
[kitpro.site/delivey/wp-content/plugins/elementskit-lite/widgets/init/assets/js/animate-circle.min7c45.js]
[kitpro.site/delivey/wp-content/plugins/elementskit-lite/widgets/init/assets/js/elementor7c45.js]
[kitpro.site/delivey/template-kit/index.html]
[kitpro.site/delivey/wp-content/plugins/header-footer-elementor/inc/widgets-css/frontend4f2e.css]
[kitpro.site/delivey/wp-content/plugins/jeg-elementor-kit/assets/css/elements/main6fca.css]
[kitpro.site/delivey/wp-content/plugins/template-kit-export/public/assets/css/template-kit-export-public.min365c.css]
[kitpro.site/delivey/wp-content/plugins/header-footer-elementor/assets/css/header-footer-elementor4f2e.css]
[kitpro.site/delivey/wp-content/plugins/elementor/assets/lib/eicons/css/elementor-icons.mind54b.css]
[kitpro.site/delivey/wp-content/plugins/elementor/assets/css/frontend-lite.min3cad.css]
[kitpro.site/delivey/wp-content/plugins/elementor/assets/lib/swiper/v8/css/swiper.min94a4.css]
[kitpro.site/delivey/wp-content/uploads/sites/70/elementor/css/post-691fb.css]
[kitpro.site/delivey/wp-content/uploads/sites/70/elementor/css/post-270299e.css]
[kitpro.site/delivey/wp-content/uploads/sites/70/elementor/css/post-293299e.css]
[kitpro.site/delivey/wp-content/plugins/metform/public/assets/css/text-editor3b71.css]
[kitpro.site/delivey/wp-content/themes/hello-elementor/style.min1102.css]
[kitpro.site/delivey/wp-content/themes/hello-elementor/theme.min1102.css]
[kitpro.site/delivey/wp-content/plugins/elementskit-lite/modules/elementskit-icon-pack/assets/css/ekiticons7c45.css]
[kitpro.site/delivey/wp-content/plugins/elementskit-lite/widgets/init/assets/img/arrow.png]
[kitpro.site/delivey/wp-content/plugins/elementskit-lite/widgets/init/assets/img/sort_asc.png]
[kitpro.site/delivey/wp-content/plugins/elementskit-lite/widgets/init/assets/img/sort_desc.png]
[kitpro.site/delivey/wp-content/plugins/elementskit-lite/widgets/init/assets/img/sort_asc_disabled.png]
[kitpro.site/delivey/wp-content/plugins/elementskit-lite/widgets/init/assets/css/widget-styles7c45.css]
[kitpro.site/delivey/wp-content/plugins/elementskit-lite/widgets/init/assets/css/responsive7c45.css]
[kitpro.site/delivey/wp-content/plugins/elementor/assets/lib/font-awesome/css/fontawesome.min52d5.css]
[kitpro.site/delivey/wp-content/plugins/elementor/assets/lib/font-awesome/css/solid.min52d5.css]
[kitpro.site/delivey/wp-content/plugins/elementor/assets/lib/font-awesome/css/regular.min52d5.css]
[kitpro.site/delivey/wp-content/plugins/elementor/assets/lib/font-awesome/css/brands.min52d5.css]
[kitpro.site/delivey/wp-content/uploads/sites/70/elementor/css/post-113a5c.css]
[kitpro.site/delivey/wp-content/plugins/jeg-elementor-kit/assets/fonts/jkiticon/jkiticon6fca.css]
[kitpro.site/delivey/wp-content/uploads/sites/70/2022/02/burg.png]
[kitpro.site/delivey/wp-content/uploads/sites/70/2022/02/box.png]
[kitpro.site/delivey/wp-content/uploads/sites/70/2022/02/gro.png]
[kitpro.site/delivey/wp-content/uploads/sites/70/2022/02/bikefix.png]
[kitpro.site/delivey/wp-content/uploads/sites/70/2022/02/vespfix.png]
[kitpro.site/delivey/wp-content/uploads/sites/70/2022/02/carfix.png]
[kitpro.site/delivey/wp-content/uploads/sites/70/2022/02/google-play-icon.png]
[kitpro.site/delivey/wp-content/uploads/sites/70/2022/02/apps-store2.png]
[kitpro.site/delivey/wp-content/uploads/sites/70/2022/02/hpp-762x1024.png]
[kitpro.site/delivey/wp-content/uploads/sites/70/2022/02/testi1.jpg]
[kitpro.site/delivey/wp-content/uploads/sites/70/2022/02/testi2.jpg]
[kitpro.site/delivey/wp-content/uploads/sites/70/2022/02/testi3.jpg]
[kitpro.site/delivey/wp-content/uploads/sites/70/elementor/css/post-23299e.css]
[kitpro.site/delivey/wp-content/plugins/metform/public/assets/css/metform-ui3b71.css]
[kitpro.site/delivey/wp-content/plugins/metform/public/assets/css/style3b71.css]
[kitpro.site/delivey/wp-content/uploads/sites/70/elementor/css/post-340299e.css]
[kitpro.site/delivey/wp-content/plugins/elementor/assets/lib/animations/animations.min3cad.css]
[kitpro.site/delivey/wp-content/plugins/metform/public/assets/js/htm3b71.js]
[kitpro.site/delivey/wp-includes/js/dist/vendor/wp-polyfill-inert.min0226.js]
[kitpro.site/delivey/wp-includes/js/dist/vendor/regenerator-runtime.min6c85.js]
[kitpro.site/delivey/wp-includes/js/dist/vendor/wp-polyfill.min2c7c.js]
[kitpro.site/delivey/wp-includes/js/dist/vendor/react.min7a3b.js]
[kitpro.site/delivey/wp-includes/js/dist/vendor/react-dom.min7a3b.js]
[kitpro.site/delivey/wp-includes/js/dist/escape-html.min3a9d.js]
[kitpro.site/delivey/wp-includes/js/dist/element.min1596.js]
[kitpro.site/delivey/wp-content/plugins/metform/public/assets/js/app3b71.js]
[kitpro.site/delivey/wp-content/plugins/elementskit-lite/widgets/lottie/assets/js/lottie.min7c45.js]
[kitpro.site/delivey/wp-content/plugins/elementskit-lite/widgets/lottie/assets/js/lottie.init7c45.js]
[kitpro.site/delivey/template-kit/home/index.html]
[kitpro.site/delivey/wp-content/uploads/sites/70/elementor/css/post-3051ac9.css]
[kitpro.site/delivey/wp-content/uploads/sites/70/2022/02/happy-young-delivery-man-holding-pizza-box-against-2022-02-07-22-22-56-utc-copy2.png]
[kitpro.site/delivey/wp-content/plugins/elementor/assets/lib/jquery-numerator/jquery-numerator.min3958.js]
[kitpro.site/delivey/template-kit/about/index.html]
[kitpro.site/delivey/wp-content/uploads/sites/70/elementor/css/post-4008e93.css]
[kitpro.site/delivey/template-kit/service/index.html]
[kitpro.site/delivey/wp-content/uploads/sites/70/elementor/css/post-409a250.css]
[kitpro.site/delivey/wp-content/uploads/sites/70/2022/02/food-1.png]
[kitpro.site/delivey/wp-content/uploads/sites/70/2022/02/grocry.png]
[kitpro.site/delivey/wp-content/uploads/sites/70/2022/02/londri.png]
[kitpro.site/delivey/template-kit/be-partner/index.html]
[kitpro.site/delivey/wp-content/uploads/sites/70/elementor/css/post-413272c.css]
[kitpro.site/delivey/wp-content/uploads/sites/70/2022/02/food-delivery-rider-with-bicycle-delivering-food-2021-09-01-18-22-34-utc2.jpg]
[kitpro.site/delivey/wp-content/uploads/sites/70/2022/02/young-cheerful-caucasian-male-courier-with-thermo-2022-02-02-21-53-59-utcmini.jpg]
[kitpro.site/delivey/wp-content/uploads/sites/70/2022/02/young-cheerful-asian-male-courier-with-thermo-bag-2021-09-03-20-53-03-utcmini.jpg]
[kitpro.site/delivey/wp-content/uploads/sites/70/2022/02/young-caucasian-male-courier-with-thermo-bag-deliv-2021-09-03-20-53-03-utcmini.jpg]
[kitpro.site/delivey/wp-content/uploads/sites/70/2022/02/food-delivery-rider-with-bicycle-delivering-food-2021-09-01-18-22-34-utc2mini.jpg]
[kitpro.site/delivey/wp-content/uploads/sites/70/2022/02/asian-female-delivering-takeaway-food-to-customer-2021-12-09-20-22-50-utc-1mini.jpg]
[kitpro.site/delivey/wp-content/uploads/sites/70/2022/02/young-asian-male-courier-with-thermo-bag-wearing-f-2021-09-03-20-53-03-utcmini.jpg]
[kitpro.site/delivey/wp-content/plugins/jeg-elementor-kit/assets/js/sweetalert2/sweetalert2.min430c.css]
[kitpro.site/delivey/wp-content/plugins/jeg-elementor-kit/assets/js/elements/team6fca.js]
[kitpro.site/delivey/wp-content/plugins/jeg-elementor-kit/assets/js/sweetalert2/sweetalert2.min430c.js]
[kitpro.site/delivey/template-kit/team/index.html]
[kitpro.site/delivey/template-kit/faq/index.html]
[kitpro.site/delivey/wp-content/uploads/sites/70/elementor/css/post-418d771.css]
[kitpro.site/delivey/wp-content/uploads/sites/70/elementor/css/post-424324b.css]
[kitpro.site/delivey/wp-content/plugins/elementor/assets/css/widget-icon-list.min.css]
[kitpro.site/delivey/template-kit/pricing/index.html]
[kitpro.site/delivey/wp-content/uploads/sites/70/elementor/css/post-429518b.css]
[kitpro.site/delivey/template-kit/404/index.html]
[kitpro.site/delivey/wp-content/uploads/sites/70/elementor/css/post-5036436.css]
[kitpro.site/delivey/wp-content/uploads/sites/70/2022/02/green-delivery-thermo-backpack-with-food-on-scoote-2022-02-06-06-04-53-utc-1024x684.jpg]
[kitpro.site/delivey/wp-content/uploads/sites/70/2022/02/male-courier-with-refrigerator-bag-riding-bicycle-2021-09-03-20-53-03-utc-1024x684.jpg]
[kitpro.site/delivey/wp-content/uploads/sites/70/2022/02/young-cheerful-caucasian-male-courier-with-thermo-2022-02-02-21-53-59-utc-1024x684.jpg]
[kitpro.site/delivey/wp-content/uploads/sites/70/2022/02/happy-young-delivery-man-holding-pizza-box-against-2022-02-07-22-22-56-utc-1024x683.jpg]
[kitpro.site/delivey/wp-content/uploads/sites/70/2022/02/courier-delivering-package-to-woman-at-home-2022-01-31-00-53-16-utc-1024x683.jpg]
[kitpro.site/delivey/wp-content/uploads/sites/70/2022/02/food-delivery-rider-with-bicycle-delivering-food-2021-09-01-18-22-34-utc-1024x684.jpg]
[kitpro.site/delivey/template-kit/blog-2/index.html]
[kitpro.site/delivey/wp-content/uploads/sites/70/elementor/css/post-405e9bd.css]
[kitpro.site/delivey/template-kit/contact-us/index.html]
[kitpro.site/delivey/wp-content/uploads/sites/70/elementor/css/post-453e9bd.css]
[kitpro.site/delivey/template-kit/header/index.html]
[kitpro.site/delivey/wp-content/uploads/sites/70/elementor/css/post-7608ad0.css]
[kitpro.site/delivey/template-kit/footer/index.html]
[kitpro.site/delivey/wp-content/uploads/sites/70/elementor/css/post-7678ad0.css]
[kitpro.site/delivey/template-kit/address-metform/index.html]
[kitpro.site/delivey/wp-content/uploads/sites/70/elementor/css/post-7768ad0.css]
[kitpro.site/delivey/template-kit/contact-metform/index.html]
[kitpro.site/delivey/wp-content/uploads/sites/70/elementor/css/post-7728ad0.css]
[kitpro.site/delivey/template-kit/newsletter-metform/index.html]
[kitpro.site/delivey/wp-content/plugins/jeg-elementor-kit/lib/jeg-framework/assets/css/jeg-dynamic-styles6f3e.css]
[kitpro.site/delivey/wp-content/uploads/sites/70/elementor/css/post-7818ad0.css]
[kitpro.site/delivey/wp-content/plugins/elementor/assets/lib/font-awesome/css/all.min3cad.css]
[kitpro.site/delivey/wp-content/plugins/elementor/assets/lib/font-awesome/css/v4-shims.min3cad.css]
[kitpro.site/delivey/wp-content/uploads/sites/70/2022/02/bg5.png]
[kitpro.site/delivey/wp-content/uploads/sites/70/2022/02/young-asian-male-courier-with-thermo-bag-wearing-f-2021-09-03-20-53-03-utc-copy.jpg]
[kitpro.site/delivey/wp-content/uploads/sites/70/elementor/css/post-113a5c.css]
[kitpro.site/delivey/wp-content/plugins/jeg-elementor-kit/assets/fonts/jkiticon/jkiticon7107.eot]
[kitpro.site/delivey/wp-content/plugins/jeg-elementor-kit/assets/fonts/jkiticon/jkiticon7107.woff2]
[kitpro.site/delivey/wp-content/plugins/jeg-elementor-kit/assets/fonts/jkiticon/jkiticon7107.woff]
[kitpro.site/delivey/wp-content/plugins/jeg-elementor-kit/assets/fonts/jkiticon/jkiticon7107.ttf]
[kitpro.site/delivey/wp-content/plugins/jeg-elementor-kit/assets/fonts/jkiticon/jkiticon6fca.css]
[kitpro.site/delivey/wp-content/uploads/sites/70/elementor/css/post-23299e.css]
[kitpro.site/delivey/wp-content/plugins/metform/public/assets/css/metform-ui3b71.css]
[kitpro.site/delivey/wp-content/plugins/metform/public/assets/css/style3b71.css]
[kitpro.site/delivey/wp-content/uploads/sites/70/elementor/css/post-340299e.css]
[kitpro.site/delivey/wp-content/plugins/elementor/assets/lib/animations/animations.min3cad.css]
[kitpro.site/delivey/wp-content/uploads/sites/70/2022/02/male-courier-with-refrigerator-bag-riding-bicycle-2021-09-03-20-53-03-utc.jpg]
[kitpro.site/delivey/wp-content/uploads/sites/70/elementor/css/post-3051ac9.css]
[kitpro.site/delivey/wp-content/uploads/sites/70/2022/02/courier-delivering-package-to-woman-at-home-2022-01-31-00-53-16-utc.jpg]
[kitpro.site/delivey/wp-content/uploads/sites/70/elementor/css/post-4008e93.css]
[kitpro.site/delivey/wp-content/uploads/sites/70/2022/02/asian-female-delivering-takeaway-food-to-customer-2021-12-09-20-22-50-utc-1.jpg]
[kitpro.site/delivey/wp-content/uploads/sites/70/elementor/css/post-409a250.css]
[kitpro.site/delivey/wp-content/plugins/jeg-elementor-kit/assets/fonts/jkiticon/jkiticon7107.svg]
[kitpro.site/delivey/wp-content/uploads/sites/70/2022/02/young-cheerful-asian-male-courier-with-thermo-bag-2021-09-03-20-53-03-utc.jpg]
[kitpro.site/delivey/wp-content/uploads/sites/70/elementor/css/post-413272c.css]
[kitpro.site/delivey/wp-content/plugins/jeg-elementor-kit/assets/js/sweetalert2/sweetalert2.min430c.css]
[kitpro.site/delivey/wp-content/uploads/sites/70/elementor/css/post-418d771.css]
[kitpro.site/delivey/wp-content/uploads/sites/70/2022/02/young-cheerful-caucasian-male-courier-with-thermo-2022-02-02-21-53-59-utc.jpg]
[kitpro.site/delivey/wp-content/uploads/sites/70/elementor/css/post-424324b.css]
[kitpro.site/delivey/wp-content/plugins/elementor/assets/css/widget-icon-list.min.css]
[kitpro.site/delivey/wp-content/uploads/sites/70/elementor/css/post-429518b.css]
[kitpro.site/delivey/wp-content/uploads/sites/70/elementor/css/post-5036436.css]
[kitpro.site/delivey/wp-content/uploads/sites/70/2022/02/green-delivery-thermo-backpack-with-food-on-scoote-2022-02-06-06-04-53-utc.jpg]
[kitpro.site/delivey/wp-content/uploads/sites/70/elementor/css/post-405e9bd.css]
[kitpro.site/delivey/wp-content/uploads/sites/70/elementor/css/post-453e9bd.css]
[kitpro.site/delivey/wp-content/uploads/sites/70/elementor/css/post-7608ad0.css]
[kitpro.site/delivey/wp-content/uploads/sites/70/elementor/css/post-7678ad0.css]
[kitpro.site/delivey/wp-content/uploads/sites/70/elementor/css/post-7768ad0.css]
[kitpro.site/delivey/wp-content/uploads/sites/70/elementor/css/post-7728ad0.css]
[kitpro.site/delivey/wp-content/uploads/sites/70/elementor/css/post-7818ad0.css]
[kitpro.site/delivey/wp-content/plugins/jeg-elementor-kit/assets/fonts/jkiticon/jkiticon7107.svg]
